------------------------------------------------------------
Timing Analyzer Summary
------------------------------------------------------------

Type  : Slow 1100mV 85C Model Setup 'inst9'
Slack : -11.605
TNS   : -1631.557

Type  : Slow 1100mV 85C Model Setup 'StackMachine:inst|busctrll:inst2|BusState:51|READING'
Slack : -11.288
TNS   : -172.538

Type  : Slow 1100mV 85C Model Setup 'MCLK'
Slack : -8.014
TNS   : -2461.304

Type  : Slow 1100mV 85C Model Hold 'inst9'
Slack : -0.081
TNS   : -0.286

Type  : Slow 1100mV 85C Model Hold 'MCLK'
Slack : 0.302
TNS   : 0.000

Type  : Slow 1100mV 85C Model Hold 'StackMachine:inst|busctrll:inst2|BusState:51|READING'
Slack : 3.299
TNS   : 0.000

Type  : Slow 1100mV 85C Model Minimum Pulse Width 'MCLK'
Slack : -3.166
TNS   : -1727.087

Type  : Slow 1100mV 85C Model Minimum Pulse Width 'inst9'
Slack : -0.724
TNS   : -215.990

Type  : Slow 1100mV 85C Model Minimum Pulse Width 'StackMachine:inst|busctrll:inst2|BusState:51|READING'
Slack : -0.724
TNS   : -18.347

Type  : Slow 1100mV 0C Model Setup 'inst9'
Slack : -11.774
TNS   : -1630.055

Type  : Slow 1100mV 0C Model Setup 'StackMachine:inst|busctrll:inst2|BusState:51|READING'
Slack : -11.360
TNS   : -174.185

Type  : Slow 1100mV 0C Model Setup 'MCLK'
Slack : -7.767
TNS   : -2371.121

Type  : Slow 1100mV 0C Model Hold 'inst9'
Slack : -0.356
TNS   : -0.654

Type  : Slow 1100mV 0C Model Hold 'MCLK'
Slack : -0.022
TNS   : -0.047

Type  : Slow 1100mV 0C Model Hold 'StackMachine:inst|busctrll:inst2|BusState:51|READING'
Slack : 3.358
TNS   : 0.000

Type  : Slow 1100mV 0C Model Minimum Pulse Width 'MCLK'
Slack : -3.166
TNS   : -1725.189

Type  : Slow 1100mV 0C Model Minimum Pulse Width 'inst9'
Slack : -0.724
TNS   : -216.164

Type  : Slow 1100mV 0C Model Minimum Pulse Width 'StackMachine:inst|busctrll:inst2|BusState:51|READING'
Slack : -0.724
TNS   : -18.584

Type  : Fast 1100mV 85C Model Setup 'inst9'
Slack : -5.016
TNS   : -669.388

Type  : Fast 1100mV 85C Model Setup 'StackMachine:inst|busctrll:inst2|BusState:51|READING'
Slack : -4.456
TNS   : -67.274

Type  : Fast 1100mV 85C Model Setup 'MCLK'
Slack : -3.117
TNS   : -897.740

Type  : Fast 1100mV 85C Model Hold 'MCLK'
Slack : 0.032
TNS   : 0.000

Type  : Fast 1100mV 85C Model Hold 'inst9'
Slack : 0.219
TNS   : 0.000

Type  : Fast 1100mV 85C Model Hold 'StackMachine:inst|busctrll:inst2|BusState:51|READING'
Slack : 1.354
TNS   : 0.000

Type  : Fast 1100mV 85C Model Minimum Pulse Width 'MCLK'
Slack : -2.174
TNS   : -1134.331

Type  : Fast 1100mV 85C Model Minimum Pulse Width 'StackMachine:inst|busctrll:inst2|BusState:51|READING'
Slack : -0.028
TNS   : -0.102

Type  : Fast 1100mV 85C Model Minimum Pulse Width 'inst9'
Slack : 0.064
TNS   : 0.000

Type  : Fast 1100mV 0C Model Setup 'inst9'
Slack : -4.385
TNS   : -586.798

Type  : Fast 1100mV 0C Model Setup 'StackMachine:inst|busctrll:inst2|BusState:51|READING'
Slack : -4.211
TNS   : -63.765

Type  : Fast 1100mV 0C Model Setup 'MCLK'
Slack : -2.696
TNS   : -784.830

Type  : Fast 1100mV 0C Model Hold 'MCLK'
Slack : -0.097
TNS   : -0.909

Type  : Fast 1100mV 0C Model Hold 'inst9'
Slack : 0.112
TNS   : 0.000

Type  : Fast 1100mV 0C Model Hold 'StackMachine:inst|busctrll:inst2|BusState:51|READING'
Slack : 1.373
TNS   : 0.000

Type  : Fast 1100mV 0C Model Minimum Pulse Width 'MCLK'
Slack : -2.174
TNS   : -1134.763

Type  : Fast 1100mV 0C Model Minimum Pulse Width 'StackMachine:inst|busctrll:inst2|BusState:51|READING'
Slack : 0.003
TNS   : 0.000

Type  : Fast 1100mV 0C Model Minimum Pulse Width 'inst9'
Slack : 0.060
TNS   : 0.000

------------------------------------------------------------
